// Vitest Snapshot v1

exports[`CharacterCard > IntegraÃ§Ã£o/Componente > ğŸ‘€ RenderizaÃ§Ã£o: > Dado um componente Quando renderizado EntÃ£o deve ter o mesmo snapshot gravado 1`] = `
"<section class=\\"character-card\\" data-character=\\"card\\" style=\\"background-image: url(algumaimage.png);\\" data-v-82d09848=\\"\\">
  <p class=\\"character-card__id\\" data-character=\\"id\\" data-v-82d09848=\\"\\">#1</p>
  <h2 class=\\"character-card__name\\" data-character=\\"name\\" data-v-82d09848=\\"\\">Teste</h2>
  <div class=\\"character-card__tag\\" data-character=\\"species\\" data-v-82d09848=\\"\\">Human</div>
</section>"
`;
