// Vitest Snapshot v1, https://vitest.dev/guide/snapshot.html

exports[`CharacterList.vue > Integra√ß√£o/Componente > üëÄ Renderiza√ß√£o: > Dado o componente Quando renderizado Ent√£o deve possuir html equivalente ao Snapshot gravado 1`] = `
"<section class=\\"character-list\\" data-v-c3db22c7=\\"\\">
  <h4 class=\\"character-list__qtd\\" data-list=\\"qtd\\" data-v-c3db22c7=\\"\\">1 Characters</h4>
  <main class=\\"character-list__cards\\" data-v-c3db22c7=\\"\\">
    <section class=\\"character-card\\" data-character=\\"card\\" data-list=\\"card\\" data-v-82d09848=\\"\\" data-v-c3db22c7=\\"\\"><img class=\\"character-card__image\\" data-character=\\"image\\" src=\\"https://image.com/rick.png\\" alt=\\"character Rick teste\\" data-v-82d09848=\\"\\">
      <p class=\\"character-card__id\\" data-character=\\"id\\" data-v-82d09848=\\"\\">#1</p>
      <h2 class=\\"character-card__name\\" data-character=\\"name\\" data-v-82d09848=\\"\\">Rick teste</h2>
      <div class=\\"character-card__tag\\" data-character=\\"species\\" style=\\"background-color: rgb(242, 163, 139);\\" data-v-82d09848=\\"\\">Human</div>
    </section>
  </main>
  <v-btn-stub class=\\"character-list__button\\" variant=\\"tonal\\" data-list=\\"button-load-more\\" data-v-c3db22c7=\\"\\"></v-btn-stub>
</section>"
`;
