// Vitest Snapshot v1, https://vitest.dev/guide/snapshot.html

exports[`CharacterTraitsTabs.test.vue > Integra√ß√£o/Componente > üëÄ Renderiza√ß√£o: > Dado o componente Quando renderizado Ent√£o deve possuir html equivalente ao Snapshot gravado 1`] = `
"<v-card class=\\"character-traits-tabs__sheet\\" data-v-ca6c6aea=\\"\\">
  <v-tabs class=\\"character-traits-tabs__tabs\\" color=\\"primary\\" align-tabs=\\"center\\" data-v-ca6c6aea=\\"\\">
    <v-tab value=\\"about\\" data-v-ca6c6aea=\\"\\">About</v-tab>
    <v-tab value=\\"episodes\\" data-v-ca6c6aea=\\"\\">Episodes</v-tab>
  </v-tabs>
  <v-card-text class=\\"character-traits-tabs__sheet-content\\" data-v-ca6c6aea=\\"\\">
    <v-window data-v-ca6c6aea=\\"\\">
      <v-window-item class=\\"character-traits-tabs__tab-content\\" data-character-traits-tabs=\\"about\\" value=\\"about\\" data-v-ca6c6aea=\\"\\">
        <v-list lines=\\"five\\" data-v-ca6c6aea=\\"\\">
          <v-row no-gutters=\\"\\" data-v-ca6c6aea=\\"\\">
            <v-col cols=\\"5\\" data-v-ca6c6aea=\\"\\">
              <v-list-item class=\\"character-traits-tabs__item\\" title=\\"Gender\\" data-v-ca6c6aea=\\"\\"></v-list-item>
            </v-col>
            <v-col cols=\\"7\\" data-v-ca6c6aea=\\"\\">
              <v-list-item class=\\"character-traits-tabs__item\\" title=\\"Born in\\" data-v-ca6c6aea=\\"\\"></v-list-item>
            </v-col>
          </v-row>
          <v-list-item class=\\"character-traits-tabs__item\\" title=\\"Type\\" data-v-ca6c6aea=\\"\\"></v-list-item>
          <v-list-item class=\\"character-traits-tabs__item\\" title=\\"Location\\" data-character-traits-tabs=\\"location\\" data-v-ca6c6aea=\\"\\"></v-list-item>
          <v-list-item class=\\"character-traits-tabs__item\\" title=\\"Last episode\\" data-character-traits-tabs=\\"last-episode\\" data-v-ca6c6aea=\\"\\"></v-list-item>
        </v-list>
      </v-window-item>
      <v-window-item class=\\"character-traits-tabs__tab-content\\" value=\\"episodes\\" data-v-ca6c6aea=\\"\\"></v-window-item>
    </v-window>
  </v-card-text>
</v-card>"
`;
